[02нояб.2025 16:15:42.841] [main/INFO] [cpw.mods.modlauncher.Launcher/MODLAUNCHER]: ModLauncher running: args [--launchTarget, forgeclientdev, --version, 21.1.209, --assetIndex, 17, --assetsDir, C:\\Users\\xXx\\.gradle\\caches\\neoformruntime\\assets, --gameDir, ., --fml.fmlVersion, 4.0.41, --fml.mcVersion, 1.21.1, --fml.neoForgeVersion, 21.1.209, --fml.neoFormVersion, 20240808.144430]
[02нояб.2025 16:15:42.845] [main/INFO] [cpw.mods.modlauncher.Launcher/MODLAUNCHER]: JVM identified as Eclipse Adoptium OpenJDK 64-Bit Server VM 21.0.8+9-LTS
[02нояб.2025 16:15:42.847] [main/INFO] [cpw.mods.modlauncher.Launcher/MODLAUNCHER]: ModLauncher 11.0.5+main.901c6ea8 starting: java version 21.0.8 by Eclipse Adoptium; OS Windows 11 arch amd64 version 10.0
[02нояб.2025 16:15:42.983] [main/INFO] [net.neoforged.fml.loading.ImmediateWindowHandler/]: Loading ImmediateWindowProvider fmlearlywindow
[02нояб.2025 16:15:43.109] [main/INFO] [EARLYDISPLAY/]: Trying GL version 4.6
[02нояб.2025 16:15:43.298] [main/INFO] [EARLYDISPLAY/]: Requested GL version 4.6 got version 4.6
[02нояб.2025 16:15:43.448] [main/INFO] [mixin/]: SpongePowered MIXIN Subsystem Version=0.8.7 Source=union:/C:/Users/xXx/.gradle/caches/modules-2/files-2.1/net.fabricmc/sponge-mixin/0.15.2+mixin.0.8.7/2af2f021d8e02a0220dc27a7a72b4666d66d44ca/sponge-mixin-0.15.2+mixin.0.8.7.jar%23138!/ Service=ModLauncher Env=CLIENT
[02нояб.2025 16:15:43.732] [pool-2-thread-1/INFO] [EARLYDISPLAY/]: GL info: NVIDIA GeForce RTX 4070/PCIe/SSE2 GL version 4.6.0 NVIDIA 581.29, NVIDIA Corporation
[02нояб.2025 16:15:43.892] [main/INFO] [net.neoforged.fml.loading.moddiscovery.locators.JarInJarDependencyLocator/]: Found 2 dependencies adding them to mods collection
[02нояб.2025 16:15:43.894] [main/INFO] [net.neoforged.fml.loading.moddiscovery.ModDiscoverer/]: 
     Mod List:
		Name Version (Mod Id)

		Complexity Analyzer 0.1.0-alpha (complexityanalyzer)
		Minecraft 1.21.1 (minecraft)
		NeoForge 21.1.209 (neoforge)
[02нояб.2025 16:15:44.765] [main/INFO] [cpw.mods.modlauncher.LaunchServiceHandler/MODLAUNCHER]: Launching target 'forgeclientdev' with arguments [--version, 21.1.209, --gameDir, ., --assetsDir, C:\Users\xXx\.gradle\caches\neoformruntime\assets, --assetIndex, 17]
[02нояб.2025 16:15:46.338] [Datafixer Bootstrap/INFO] [com.mojang.datafixers.DataFixerBuilder/]: 229 Datafixer optimizations took 349 milliseconds
[02нояб.2025 16:15:46.766] [pool-7-thread-1/INFO] [MixinExtras|Service/]: Initializing MixinExtras via com.llamalad7.mixinextras.service.MixinExtrasServiceImpl(version=0.5.0).
[02нояб.2025 16:15:51.870] [main/WARN] [net.minecraft.commands.Commands/]: Ambiguity between arguments [teleport, location] and [teleport, destination] with inputs: [0.1 -0.5 .9, 0 0 0]
[02нояб.2025 16:15:51.872] [main/WARN] [net.minecraft.commands.Commands/]: Ambiguity between arguments [teleport, location] and [teleport, targets] with inputs: [0.1 -0.5 .9, 0 0 0]
[02нояб.2025 16:15:51.875] [main/WARN] [net.minecraft.commands.Commands/]: Ambiguity between arguments [teleport, destination] and [teleport, targets] with inputs: [Player, 0123, @e, dd12be42-52a9-4a91-a8a1-11c01849e498]
[02нояб.2025 16:15:51.876] [main/WARN] [net.minecraft.commands.Commands/]: Ambiguity between arguments [teleport, targets] and [teleport, destination] with inputs: [Player, 0123, dd12be42-52a9-4a91-a8a1-11c01849e498]
[02нояб.2025 16:15:51.877] [main/WARN] [net.minecraft.commands.Commands/]: Ambiguity between arguments [teleport, targets, location] and [teleport, targets, destination] with inputs: [0.1 -0.5 .9, 0 0 0]
[02нояб.2025 16:15:52.016] [Render thread/WARN] [net.minecraft.server.packs.VanillaPackResourcesBuilder/]: Assets URL 'union:/C:/Users/xXx/Desktop/Mods_Sources/ComplexityAnalyzer/build/moddev/artifacts/neoforge-21.1.209.jar%23189!/assets/.mcassetsroot' uses unexpected schema
[02нояб.2025 16:15:52.016] [Render thread/WARN] [net.minecraft.server.packs.VanillaPackResourcesBuilder/]: Assets URL 'union:/C:/Users/xXx/Desktop/Mods_Sources/ComplexityAnalyzer/build/moddev/artifacts/neoforge-21.1.209.jar%23189!/data/.mcassetsroot' uses unexpected schema
[02нояб.2025 16:15:52.045] [Render thread/INFO] [com.mojang.authlib.yggdrasil.YggdrasilAuthenticationService/]: Environment: Environment[sessionHost=https://sessionserver.mojang.com, servicesHost=https://api.minecraftservices.com, name=PROD]
[02нояб.2025 16:15:52.058] [Render thread/INFO] [net.minecraft.client.Minecraft/]: Setting user: Dev
[02нояб.2025 16:15:52.166] [Render thread/INFO] [net.minecraft.client.Minecraft/]: Backend library: LWJGL version 3.3.3+5
[02нояб.2025 16:15:52.466] [modloading-worker-0/INFO] [Complexity Analyzer/]: === Complexity Analyzer v1.0.0-FINAL ===
[02нояб.2025 16:15:52.495] [modloading-worker-0/INFO] [net.neoforged.neoforge.common.NeoForgeMod/NEOFORGE-MOD]: NeoForge mod loading, version 21.1.209, for MC 1.21.1
[02нояб.2025 16:15:52.498] [modloading-worker-0/INFO] [Complexity Analyzer/]: Complexity Analyzer initialized successfully.
[02нояб.2025 16:15:53.326] [Render thread/INFO] [net.neoforged.neoforge.gametest.GameTestHooks/]: Enabled Gametest Namespaces: [complexityanalyzer]
[02нояб.2025 16:15:53.456] [Render thread/INFO] [net.minecraft.server.packs.resources.ReloadableResourceManager/]: Reloading ResourceManager: vanilla, mod_resources, mod/complexityanalyzer, mod/neoforge
[02нояб.2025 16:15:53.556] [Worker-Main-1/INFO] [net.minecraft.client.gui.font.providers.UnihexProvider/]: Found unifont_all_no_pua-15.1.05.hex, loading
[02нояб.2025 16:15:53.722] [Worker-Main-5/INFO] [net.minecraft.client.gui.font.providers.UnihexProvider/]: Found unifont_jp_patch-15.1.05.hex, loading
[02нояб.2025 16:15:54.958] [Render thread/WARN] [net.minecraft.client.sounds.SoundEngine/]: Missing sound for event: minecraft:item.goat_horn.play
[02нояб.2025 16:15:54.959] [Render thread/WARN] [net.minecraft.client.sounds.SoundEngine/]: Missing sound for event: minecraft:entity.goat.screaming.horn_break
[02нояб.2025 16:15:54.995] [Render thread/INFO] [com.mojang.blaze3d.audio.Library/]: OpenAL initialized on device OpenAL Soft on Динамики (Realtek(R) Audio)
[02нояб.2025 16:15:54.997] [Render thread/INFO] [net.minecraft.client.sounds.SoundEngine/SOUNDS]: Sound engine started
[02нояб.2025 16:15:55.107] [Render thread/INFO] [net.minecraft.client.renderer.texture.TextureAtlas/]: Created: 1024x512x4 minecraft:textures/atlas/blocks.png-atlas
[02нояб.2025 16:15:55.114] [Render thread/INFO] [net.minecraft.client.renderer.texture.TextureAtlas/]: Created: 256x256x4 minecraft:textures/atlas/signs.png-atlas
[02нояб.2025 16:15:55.115] [Render thread/INFO] [net.minecraft.client.renderer.texture.TextureAtlas/]: Created: 512x512x4 minecraft:textures/atlas/banner_patterns.png-atlas
[02нояб.2025 16:15:55.115] [Render thread/INFO] [net.minecraft.client.renderer.texture.TextureAtlas/]: Created: 512x512x4 minecraft:textures/atlas/shield_patterns.png-atlas
[02нояб.2025 16:15:55.116] [Render thread/INFO] [net.minecraft.client.renderer.texture.TextureAtlas/]: Created: 1024x1024x4 minecraft:textures/atlas/armor_trims.png-atlas
[02нояб.2025 16:15:55.118] [Render thread/INFO] [net.minecraft.client.renderer.texture.TextureAtlas/]: Created: 256x256x4 minecraft:textures/atlas/chest.png-atlas
[02нояб.2025 16:15:55.119] [Render thread/INFO] [net.minecraft.client.renderer.texture.TextureAtlas/]: Created: 128x64x4 minecraft:textures/atlas/decorated_pot.png-atlas
[02нояб.2025 16:15:55.119] [Render thread/INFO] [net.minecraft.client.renderer.texture.TextureAtlas/]: Created: 512x256x4 minecraft:textures/atlas/beds.png-atlas
[02нояб.2025 16:15:55.119] [Render thread/INFO] [net.minecraft.client.renderer.texture.TextureAtlas/]: Created: 512x256x4 minecraft:textures/atlas/shulker_boxes.png-atlas
[02нояб.2025 16:15:55.357] [Render thread/INFO] [net.minecraft.client.renderer.texture.TextureAtlas/]: Created: 512x256x0 minecraft:textures/atlas/particles.png-atlas
[02нояб.2025 16:15:55.359] [Render thread/INFO] [net.minecraft.client.renderer.texture.TextureAtlas/]: Created: 512x256x0 minecraft:textures/atlas/paintings.png-atlas
[02нояб.2025 16:15:55.359] [Render thread/INFO] [net.minecraft.client.renderer.texture.TextureAtlas/]: Created: 256x128x0 minecraft:textures/atlas/mob_effects.png-atlas
[02нояб.2025 16:15:55.359] [Render thread/INFO] [net.minecraft.client.renderer.texture.TextureAtlas/]: Created: 64x64x0 minecraft:textures/atlas/map_decorations.png-atlas
[02нояб.2025 16:15:55.360] [Render thread/INFO] [net.minecraft.client.renderer.texture.TextureAtlas/]: Created: 1024x512x0 minecraft:textures/atlas/gui.png-atlas
[02нояб.2025 16:15:55.391] [Render thread/WARN] [net.minecraft.client.renderer.ShaderInstance/]: Shader rendertype_entity_translucent_emissive could not find sampler named Sampler2 in the specified shader program.
[02нояб.2025 16:15:55.454] [Render thread/INFO] [net.neoforged.neoforge.client.entity.animation.json.AnimationLoader/]: Loaded 0 entity animations
[02нояб.2025 16:16:13.331] [Worker-Main-6/INFO] [Complexity Analyzer/]: Registered /complexity command with role-based permissions
[02нояб.2025 16:16:13.527] [Render thread/INFO] [net.minecraft.world.item.crafting.RecipeManager/]: Loaded 1290 recipes
[02нояб.2025 16:16:13.709] [Render thread/INFO] [net.minecraft.advancements.AdvancementTree/]: Loaded 1399 advancements
[02нояб.2025 16:16:14.180] [Server thread/INFO] [net.minecraft.client.server.IntegratedServer/]: Starting integrated minecraft server version 1.21.1
[02нояб.2025 16:16:14.180] [Server thread/INFO] [net.minecraft.server.MinecraftServer/]: Generating keypair
[02нояб.2025 16:16:15.236] [Server thread/INFO] [net.minecraft.server.MinecraftServer/]: Preparing start region for dimension minecraft:overworld
[02нояб.2025 16:16:15.559] [progressListener/INFO] [net.minecraft.server.level.progress.LoggerChunkProgressListener/]: Подготовка области возрождения: 0%
[02нояб.2025 16:16:15.700] [Server thread/INFO] [net.neoforged.neoforge.server.permission.PermissionAPI/]: Successfully initialized permission handler neoforge:default_handler
[02нояб.2025 16:16:15.703] [Server thread/INFO] [Complexity Analyzer/]: Creating new analysis thread pool.
[02нояб.2025 16:16:15.704] [Server thread/INFO] [Complexity Analyzer/]: Starting background analysis...
[02нояб.2025 16:16:15.705] [Complexity-Analysis-Thread/INFO] [Complexity Analyzer/]: Building recipe graph...
[02нояб.2025 16:16:15.706] [Complexity-Analysis-Thread/INFO] [Complexity Analyzer/]: Building recipe graph with advanced classification...
[02нояб.2025 16:16:15.712] [progressListener/INFO] [net.minecraft.server.level.progress.LoggerChunkProgressListener/]: Time elapsed: 475 ms
[02нояб.2025 16:16:15.747] [Complexity-Analysis-Thread/INFO] [Complexity Analyzer/]: Recipe graph built: 1259 recipes processed, 31 skipped
[02нояб.2025 16:16:15.747] [Complexity-Analysis-Thread/INFO] [Complexity Analyzer/]: === [State: ANALYZING] Starting FAST initial analysis ===
[02нояб.2025 16:16:15.748] [Complexity-Analysis-Thread/INFO] [Complexity Analyzer/]: Initializing BlockPropertyProvider...
[02нояб.2025 16:16:15.751] [Complexity-Analysis-Thread/INFO] [Complexity Analyzer/]: BlockPropertyProvider initialized, analyzed 1060 blocks.
[02нояб.2025 16:16:15.753] [Complexity-Analysis-Thread/INFO] [Complexity Analyzer/]: Initializing MobPropertyProvider...
[02нояб.2025 16:16:15.754] [Complexity-Analysis-Thread/INFO] [Complexity Analyzer/]: MobPropertyProvider initialized. Analyzed 77 entities via reflection, 7 entities were manually overridden.
[02нояб.2025 16:16:15.755] [Complexity-Analysis-Thread/INFO] [Complexity Analyzer/]: Analyzing structure spawns for dimension detection...
[02нояб.2025 16:16:15.755] [Complexity-Analysis-Thread/INFO] [Complexity Analyzer/]: Structure spawn analysis complete: 6 structures, 9 unique mob types
[02нояб.2025 16:16:15.755] [Complexity-Analysis-Thread/INFO] [Complexity Analyzer/]: Building biome-to-dimension map from loaded levels...
[02нояб.2025 16:16:15.755] [Complexity-Analysis-Thread/INFO] [Complexity Analyzer/]: Found 3 dimensions
[02нояб.2025 16:16:15.762] [Complexity-Analysis-Thread/INFO] [Complexity Analyzer/]: Loading all final geo-data from disk...
[02нояб.2025 16:16:15.785] [Complexity-Analysis-Thread/INFO] [Complexity Analyzer/]: Global block rarity cache rebuilt. Total blocks counted: 191046674
[02нояб.2025 16:16:15.786] [Complexity-Analysis-Thread/INFO] [Complexity Analyzer/]: Finished loading geo-data. Found data for 3 dimensions.
[02нояб.2025 16:16:15.803] [Complexity-Analysis-Thread/INFO] [Complexity Analyzer/]: TheoreticalDistributionProvider initialized: 23 blocks found in worldgen config.
[02нояб.2025 16:16:15.804] [Complexity-Analysis-Thread/INFO] [Complexity Analyzer/]: GeoDatabase loaded, skipping theoretical resources.
[02нояб.2025 16:16:15.806] [Complexity-Analysis-Thread/INFO] [Complexity Analyzer/]: Analyzing structure spawns for dimension detection...
[02нояб.2025 16:16:15.806] [Complexity-Analysis-Thread/INFO] [Complexity Analyzer/]: Structure spawn analysis complete: 6 structures, 9 unique mob types
[02нояб.2025 16:16:15.806] [Complexity-Analysis-Thread/INFO] [Complexity Analyzer/]: Building biome-to-dimension map from loaded levels...
[02нояб.2025 16:16:15.807] [Complexity-Analysis-Thread/INFO] [Complexity Analyzer/]: Found 3 dimensions
[02нояб.2025 16:16:15.813] [Complexity-Analysis-Thread/INFO] [Complexity Analyzer/]: Resource sources configured. Initializing all...
[02нояб.2025 16:16:15.813] [Server thread/INFO] [net.minecraft.client.server.IntegratedServer/]: Changing view distance to 2, from 10
[02нояб.2025 16:16:15.814] [Server thread/INFO] [net.minecraft.client.server.IntegratedServer/]: Changing simulation distance to 5, from 0
[02нояб.2025 16:16:16.730] [Server thread/INFO] [net.minecraft.server.players.PlayerList/]: Dev[local:E:dcb1ae0b] logged in with entity id 134 at (-558.8114085937592, 95.0, -703.6008343539793)
[02нояб.2025 16:16:16.818] [Server thread/INFO] [net.minecraft.server.MinecraftServer/]: Dev присоединился к игре
[02нояб.2025 16:16:16.996] [Render thread/INFO] [net.minecraft.advancements.AdvancementTree/]: Loaded 47 advancements
